// Jest Snapshot v1, https://goo.gl/fbAQLP

exports[`should render login page correctly 1`] = `
<div>
  <form>
    <button>
      Login
    </button>
  </form>
</div>
`;
